// Jest Snapshot v1, https://goo.gl/fbAQLP

exports[`Border should match the snapshot 1`] = `
.c0 {
  position: absolute;
  bottom: -3px;
  left: 0;
  height: 2px;
  width: 100%;
  background: #0099ff;
  -webkit-transform: scaleX(0);
  -ms-transform: scaleX(0);
  transform: scaleX(0);
  -webkit-transform-origin: 0 0;
  -ms-transform-origin: 0 0;
  transform-origin: 0 0;
  -webkit-transition: .5s ease all;
  transition: .5s ease all;
}

.sc-bdVaJa:focus ~ .c0 {
  -webkit-transform: scaleX(1);
  -ms-transform: scaleX(1);
  transform: scaleX(1);
}

.sc-bwzfXH:focus ~ .c0 {
  -webkit-transform: scaleX(1);
  -ms-transform: scaleX(1);
  transform: scaleX(1);
}

.sc-htpNat:focus ~ .c0 {
  -webkit-transform: scaleX(1);
  -ms-transform: scaleX(1);
  transform: scaleX(1);
}

<span
  className="c0"
/>
`;
