// Jest Snapshot v1, https://goo.gl/fbAQLP

exports[`Border should match the snapshot 1`] = `
.c0 {
  position: absolute;
  bottom: -4px left:0;
  height: 2px;
  width: 100%;
  background: #0099ff;
  -webkit-transform: scaleX(0);
  -ms-transform: scaleX(0);
  transform: scaleX(0);
  -webkit-transform-origin: 0 0;
  -ms-transform-origin: 0 0;
  transform-origin: 0 0;
  -webkit-transition: .5s ease all;
  transition: .5s ease all;
}

.Input__StyledInput-sc-1spn88l-0:focus ~ .c0 {
  -webkit-transform: scaleX(1);
  -ms-transform: scaleX(1);
  transform: scaleX(1);
}

.TextAreaInput__StyledTextArea-ru9gbh-0:focus ~ .c0 {
  -webkit-transform: scaleX(1);
  -ms-transform: scaleX(1);
  transform: scaleX(1);
}

.Select__StyledSelect-sc-5mpa3n-0:focus ~ .c0 {
  -webkit-transform: scaleX(1);
  -ms-transform: scaleX(1);
  transform: scaleX(1);
}

<span
  className="c0"
/>
`;
