// Jest Snapshot v1, https://goo.gl/fbAQLP

exports[`ActionDate should be match the snapshot 1`] = `
<ActionDate__StyledDateWrapper>
  <ActionDate__StyledDateHeading>
    NaN-NaN
  </ActionDate__StyledDateHeading>
  <ActionDate__StyledDateParagraph>
    NaN
  </ActionDate__StyledDateParagraph>
</ActionDate__StyledDateWrapper>
`;
