// Jest Snapshot v1, https://goo.gl/fbAQLP

exports[`ActionListItem should be match the snapshot 1`] = `
<styled.li>
  <styled.div
    gridGap="10px"
    padding="10px"
  >
    <styled.div
      colMD={2}
      colXS={3}
      horizontalAlign="flex-start"
      verticalAlign="flex-start"
    >
      <ActionDate />
    </styled.div>
    <styled.div
      colMD={9}
      colXS={8}
      horizontalAlign="flex-start"
      verticalAlign="flex-start"
    >
      <ActionListLabel />
    </styled.div>
    <styled.div
      colMD={1}
      colXS={1}
      horizontalAlign="flex-start"
      verticalAlign="flex-start"
    >
      <ActionIcon />
    </styled.div>
  </styled.div>
</styled.li>
`;
