// Jest Snapshot v1, https://goo.gl/fbAQLP

exports[`TextField should match the snapshot 1`] = `
<TextField__TextFieldWrapper>
  <TextField__StyledTextField>
    <Input
      type="text"
    />
    <Label
      label=""
    />
    <Border__StyledBorder
      background="#0247fe"
    />
  </TextField__StyledTextField>
  <FieldLabel
    label=""
  />
</TextField__TextFieldWrapper>
`;
