// Jest Snapshot v1, https://goo.gl/fbAQLP

exports[`TableRow should match the snapshot 1`] = `<TableRow__StyledTableRow />`;

exports[`TableRow should match the snapshot when editable 1`] = `
<TableRow__StyledTableRow>
  <TableCell
    editable={true}
    redirect={false}
  >
    <TableRow__Icon />
    <TableRow__Icon />
  </TableCell>
</TableRow__StyledTableRow>
`;
