// Jest Snapshot v1, https://goo.gl/fbAQLP

exports[`NativeSelectField should match the snapshot 1`] = `
<NativeSelectField__StyledLabel>
  <Select__StyledSelect
    defaultValue="Select a value"
    withBorder={true}
  />
  <Border__StyledBorder
    select={true}
  />
</NativeSelectField__StyledLabel>
`;
