// Jest Snapshot v1, https://goo.gl/fbAQLP

exports[`TextField should match the snapshot 1`] = `
<styled.div>
  <styled.label>
    <Input
      onChange={[Function]}
      type="text"
    />
    <Label
      label=""
      rows={10}
    />
    <styled.span
      background="#0099ff"
    />
  </styled.label>
  <FieldLabel
    label=""
  />
</styled.div>
`;
