// Jest Snapshot v1, https://goo.gl/fbAQLP

exports[`FadeIn should match the snapshot 1`] = `
<BaseAnimation
  className="FadeIn-l1ttpl-0 GyTbd"
  delay="0s"
  direction="normal"
  display="block"
  duration="1s"
  fillMode="both"
  iterationCount="1"
  playState="running"
  timingFunction="ease"
/>
`;
