// Jest Snapshot v1, https://goo.gl/fbAQLP

exports[`GridCol should match the snapshot 1`] = `
.c0 {
  background-color: transparent;
  display: -webkit-box;
  display: -webkit-flex;
  display: -ms-flexbox;
  display: flex;
  -webkit-box-pack: start;
  -webkit-justify-content: flex-start;
  -ms-flex-pack: start;
  justify-content: flex-start;
  -webkit-align-items: flex-start;
  -webkit-box-align: flex-start;
  -ms-flex-align: flex-start;
  align-items: flex-start;
  grid-column-end: span 12;
}

@media (min-width:320px) {
  .c0 {
    grid-column-end: span;
  }
}

@media (min-width:375px) {
  .c0 {
    grid-column-end: span;
  }
}

@media (min-width:425px) {
  .c0 {
    grid-column-end: span;
  }
}

@media (min-width:768px) {
  .c0 {
    grid-column-end: span;
  }
}

@media (min-width:1024px) {
  .c0 {
    grid-column-end: span;
  }
}

@media (min-width:1440px) {
  .c0 {
    grid-column-end: span;
  }
}

@media (min-width:2560px) {
  .c0 {
    grid-column-end: span;
  }
}

@media (min-width:2560px) {
  .c0 {
    grid-column-end: span;
  }
}

<div
  className="c0"
/>
`;
