// Jest Snapshot v1, https://goo.gl/fbAQLP

exports[`IconButton should match the snapshot 1`] = `
<styled.button>
  <styled.div
    gridGap="0"
    padding="0"
  >
    <styled.div
      colXS={3}
      horizontalAlign="flex-start"
      verticalAlign="center"
    />
    <styled.div
      colXS={9}
      horizontalAlign="center"
      verticalAlign="center"
    >
      <span />
    </styled.div>
  </styled.div>
  <e
    background={true}
    className="ink"
    duration={1000}
    hasTouch={false}
    opacity={0.25}
    radius={150}
    recenter={true}
  />
</styled.button>
`;
