// Jest Snapshot v1, https://goo.gl/fbAQLP

exports[`DrawerToggleButton should match the snapshot 1`] = `
<DrawerToggleButton__StyledToggleButton
  className="toggle-button"
>
  <DrawerToggleButton__StyledButtonLine />
  <DrawerToggleButton__StyledButtonLine />
  <DrawerToggleButton__StyledButtonLine />
</DrawerToggleButton__StyledToggleButton>
`;
