// Jest Snapshot v1, https://goo.gl/fbAQLP

exports[`ResponsiveDrawer should match the snapshot 1`] = `
<ResponsiveDrawer__StyledResponsiveDrawerWrapper>
  <Toolbar
    handleClick={[Function]}
    primary={false}
  />
  <SideDrawer
    isOpen={false}
    left={0}
  />
  <ResponsiveDrawer__StyledContentWrapper />
</ResponsiveDrawer__StyledResponsiveDrawerWrapper>
`;
