// Jest Snapshot v1, https://goo.gl/fbAQLP

exports[`OverlayHeading should match the snapshot 1`] = `
<OverlayHeading__StyledWrapper>
  <OverlayHeading__InnerWrapper>
    <Heading
      component="h2"
    />
  </OverlayHeading__InnerWrapper>
  <OverlayHeading__StyledCloseIcon />
</OverlayHeading__StyledWrapper>
`;
