// Jest Snapshot v1, https://goo.gl/fbAQLP

exports[`ProgressArc should match the snapshot 1`] = `
<ProgressArc__StyledWrapper
  height="100%"
  width="100%"
>
  <ProgressArc__StyledSvg
    viewBox="5 0 100 100"
  >
    <ProgressArc__StyledSecondaryPath
      d="M30,90 A40,40 0 1,1 80,90"
    />
    <ProgressArc__StyledPrimaryPath
      color="#0247fe"
      d="M30,90 A40,40 0 1,1 80,90"
      value={0}
    />
  </ProgressArc__StyledSvg>
  <ProgressArc__StyledParagraph
    labelColor="#000000"
  />
</ProgressArc__StyledWrapper>
`;
