// Jest Snapshot v1, https://goo.gl/fbAQLP

exports[`BounceIn should match the snapshot 1`] = `
<BaseAnimation
  className="BounceIn-yfq2ay-0 eTgtBd"
  delay="0s"
  direction="normal"
  display="block"
  duration="1s"
  fillMode="both"
  iterationCount="1"
  playState="running"
  timingFunction="ease"
/>
`;
